{
    "frontmost_application": {
        "bundle_identifier": "com.apple.Terminal",
        "file_path": "/Applications/Utilities/Terminal.app/Contents/MacOS/Terminal"
    },
    "input_source": {
        "input_mode_id": "",
        "input_source_id": "",
        "language": ""
    },
    "variables": {
        "value1": 100,
        "value2": 200
    }
}
